>1:1-500
ATACAAAATATGATAAAATCAAAAAGAACATAACCTACGTATCAACTAAAGTGGTTGTTT
GAAGAAAAGGAAGACTTAAAAAGAGTCAGTACTAACCTACATAATATATACAATGTTCAT
TAAATAATAAAATGAGCTCATCATACTTAGGTCATCATAAATATATCTGAAATTCACAAA
TATTGATCAAATGGTAAAATAGACAAGTAGATTTTAATAGGTTAAACAATTACTGATTCT
CTTGAAAGAATAAATTTAATATGAGACCTATTTCATTATAATGAACTCACAAATTAGAAA
CTTCACACTGGGGGCTGGAGAGATGGCTCAGTAGTTAAGAACACTGACTGCTCTTCTGAA
GGTCCTGAGTTCAAATCCCAGCAACCACATGGTGACTTACAACCATCTGTAATGACATCT
GNNNNNNNNNNNNNNNNNNNNNNNNNNNNNNNNNNNNNNNNNNNNNNNNNNNNNNNNNNN
NTTTAAAAACAAAAAAAAAGAA
>2:1-500
NNNNNNNNNNNNNNNNNNNNNNNNNNNNNNNNNNNNNNNNNNNNNNNNNNNNNNNNNNNN
AAATTAGTGATTTTCCATATTCTTTAAGTCATTTTAGAGTAATGTGTTCTTAAGATTTCA
GAAAAACAAAAACTTGTGCTTTCCTGTTTGAAAAACAAACAGCTGTGGGGAATGGACGTA
CGTTGTCGGGACAGCCTTTTTATAAAATTTTTCTAAATAATGTTGAGGCTTTGATACGTC
AAAGNNNNNNNNNNNNNNNNNNNNNNNNNNNNNNNNNNNNNNNNNNNNNNNNNNNNNNNN
NNNNTTTGCTGCTGCCAATGACAGCACACCCTGGGAATGCCCCAACTACTTACTACAAAG
CAGTGTTACATGGAGAAGATCTTCAAGAGTCTTTTTGCTAGATCTTTCCTTGGCTTTTGA
TGTGACTCCTCTCAATAAAATCCACAGTAATATAGTGAGTGGTCTCCTGCTCCAAACCAG
TATTCCAGACACAGTTAATCCAGAC
