>1:1-500
ATACCATATGTGACATAAAATAAAAAAGAACATAACCTACGTATCAACTAAAGTGGTTGT
TTGCAGAAAAGGAAGACTTAAAAAGAGTCAGTACTAACCTACATAATATATACAATGTTC
ATTAAATAATAAAATGAGCTCATCATACTTAGGTCATCATAAATATATCTGAAATTCACA
AATATTGATCAAATGGTAAAATAGACAAGTAGATTTTAATAGGTTAAACAATTACTGATT
CTCTTGAAAGAATAAATTTAATATGAGACCTATTTCATTATAATGAACTCACAAATTAGA
AACTTCACACTGGGGGCTGGAGAGATGGCTCAGTAGTTAAGAACACTGACTGCTCTTCTG
AAGGTCCTGAGTTCAAATCCCAGCAACCACATGGTGACTTACAACCATCTGTAATGACAT
CTGNNNNNNNNNNNNNNNNNNNNNNNNNNNNNNNNNNNNNNNNNNNNNNNNNNNNNNNNN
NNNTTTAAAAACAAAAAAAAAGAA
>2:1-500
NNNNNNNNNNNNNNNNNNNNNNNNNNNNNNNNNNNNNNNNNNNNNNNNNNNNNNNNNNNN
AGAGATTAGTGATTTTCCATATTCTTTAAGTCATTTTAGAGTAATGTGTTCTTAAGATAA
ATCAGAAAAACAAAAACTTGTGCTTTCCTGTTTGAAAAACAAACAGCTGTGGGGAATGGT
GTCGGGACAGCCTTTTTATAAAATTTTTCTAAATAATGTTGAGGCTTTGATACGTCAAAG
NNNNNNNNNNNNNNNNNNNNNNNNNNNNNNNNNNNNNNNNNNNNNNNNNNNNNNNNNNNN
TTTGCTGCTGCCAATGACAGCACACCCTGGGAATGCCCCAACTACTTACTACAAAGCAGT
GTTACATGGAGAAGATCTTCAAGAGTCTTTTTGCTAGATCTTTCCTTGGCTTTTGATGTG
ACTCCTCTCAATAAAATCCACAGTAATATAGTGAGTGGTCTCCTGCTCCAAACCAGTATT
TCAGACACAGTTAATCCAGAC
